> Task :compileJava UP-TO-DATE
> Task :processResources UP-TO-DATE
> Task :classes UP-TO-DATE
> Task :compileTestJava UP-TO-DATE
> Task :processTestResources UP-TO-DATE
> Task :testClasses UP-TO-DATE

> Task :test FAILED

DeleteOrderByPhoneNumberCommandTest > execute_matchingPhone_deletesAllMatchingOrders() FAILED
    org.opentest4j.AssertionFailedError at DeleteOrderByPhoneNumberCommandTest.java:39

> Task :jacocoTestReport
6 actionable tasks: 2 executed, 4 up-to-date
